%!Adobe-FontList 1.23
%Locale:0x409

%BeginFont
Handler:DirectoryHandler
FontType:PFM
FontName:Courier-BoldOblique
NumMMAxes:0
OutlineFileName:C:\Program Files\Adobe\Acrobat DC\Acrobat\data\Fonts\\COBO____.PFM
FileLength:686
FileModTime:1612234162
%EndFont

%BeginFont
Handler:DirectoryHandler
FontType:PFM
FontName:Courier-Bold
NumMMAxes:0
OutlineFileName:C:\Program Files\Adobe\Acrobat DC\Acrobat\data\Fonts\\COB_____.PFM
FileLength:679
FileModTime:1612234162
%EndFont

%BeginFont
Handler:DirectoryHandler
FontType:PFM
FontName:Courier
NumMMAxes:0
OutlineFileName:C:\Program Files\Adobe\Acrobat DC\Acrobat\data\Fonts\\COM_____.PFM
FileLength:674
FileModTime:1612234162
%EndFont

%BeginFont
Handler:DirectoryHandler
FontType:PFM
FontName:Courier-Oblique
NumMMAxes:0
OutlineFileName:C:\Program Files\Adobe\Acrobat DC\Acrobat\data\Fonts\\COO_____.PFM
FileLength:682
FileModTime:1612234162
%EndFont

%BeginFont
Handler:DirectoryHandler
FontType:Type1
FontName:Courier-Bold
FamilyName:Courier
StyleName:Bold
FullName:Courier Bold
MenuName:Courier
StyleBits:2
WritingScript:Roman
OutlineFileName:C:\Program Files\Adobe\Acrobat DC\Acrobat\data\Fonts\\cob_____.pfb
DataFormat:Plain
UsesStandardEncoding:yes
isCFF:no
hasSVG:no
hasCOLR:no
VariableFontType:NonVariableFont
FileLength:35500
FileModTime:1612234162
WeightClass:700
WidthClass:5
AngleClass:0
DesignSize:-1
%EndFont

%BeginFont
Handler:DirectoryHandler
FontType:Type1
FontName:Courier-BoldOblique
FamilyName:Courier
StyleName:Bold Oblique
FullName:Courier Bold Oblique
MenuName:Courier
StyleBits:3
WritingScript:Roman
OutlineFileName:C:\Program Files\Adobe\Acrobat DC\Acrobat\data\Fonts\\cobo____.pfb
DataFormat:Plain
UsesStandardEncoding:yes
isCFF:no
hasSVG:no
hasCOLR:no
VariableFontType:NonVariableFont
FileLength:50532
FileModTime:1612234162
WeightClass:700
WidthClass:5
AngleClass:1
DesignSize:-1
%EndFont

%BeginFont
Handler:DirectoryHandler
FontType:Type1
FontName:Courier
FamilyName:Courier
StyleName:Regular
FullName:Courier
MenuName:Courier
StyleBits:0
WritingScript:Roman
OutlineFileName:C:\Program Files\Adobe\Acrobat DC\Acrobat\data\Fonts\\com_____.pfb
DataFormat:Plain
UsesStandardEncoding:yes
isCFF:no
hasSVG:no
hasCOLR:no
VariableFontType:NonVariableFont
FileLength:34585
FileModTime:1612234162
WeightClass:400
WidthClass:5
AngleClass:0
DesignSize:-1
%EndFont

%BeginFont
Handler:DirectoryHandler
FontType:Type1
FontName:Courier-Oblique
FamilyName:Courier
StyleName:Oblique
FullName:Courier Oblique
MenuName:Courier
StyleBits:1
WritingScript:Roman
OutlineFileName:C:\Program Files\Adobe\Acrobat DC\Acrobat\data\Fonts\\coo_____.pfb
DataFormat:Plain
UsesStandardEncoding:yes
isCFF:no
hasSVG:no
hasCOLR:no
VariableFontType:NonVariableFont
FileLength:48468
FileModTime:1612234162
WeightClass:400
WidthClass:5
AngleClass:1
DesignSize:-1
%EndFont

